2:_dl_find_dso_for_object
4:_dl_deallocate_tls
5:__tls_get_addr
8:_dl_signal_error
9:_dl_signal_exception
10:_dl_audit_symbind_alt
11:__tunable_is_initialized
12:_dl_rtld_di_serinfo
13:_dl_allocate_tls
14:__tunable_get_val
15:_dl_catch_exception
16:_dl_allocate_tls_init
18:__nptl_change_stack_perm
19:_dl_audit_preinit
20:fgetc
21:pthread_attr_setscope
22:pthread_attr_getstacksize
23:envz_strip
24:pthread_attr_getstacksize
25:iruserok_af
26:_nss_files_getpwent_r
27:pthread_setcancelstate
28:stdc_first_leading_one_ul
29:cfmakeraw
30:ns_name_pack
31:ns_name_pack
32:_IO_iter_begin
33:globfree
34:_IO_str_init_readonly
35:__vswprintf_chk
37:pthread_mutexattr_getprotocol
38:pthread_mutexattr_getprotocol
39:wmemmove
40:_nss_files_gethostbyname4_r
41:__pthread_rwlock_rdlock
42:__cmsg_nxthdr
43:gethostbyname_r
44:xdecrypt
45:_nss_files_gethostent_r
46:statvfs64
47:stdc_first_leading_one_us
48:_nss_files_setprotoent
49:getprotoent
50:svcraw_create
52:mq_unlink
53:_IO_free_wbackup_area
54:sigignore
55:__pthread_rwlock_trywrlock
56:mq_unlink
57:open_tree
58:clnt_spcreateerror
59:fstatvfs
60:pmap_getport
61:vsscanf
62:memccpy
63:nl_langinfo
64:syslog
65:lio_listio64
66:__wcstombs_chk
67:__res_iclose
68:lio_listio64
69:catopen
70:__res_context_send
71:lio_listio64
73:fgets
74:_IO_default_xsputn
75:_nss_files_getservbyname_r
76:finitef
77:pthread_exit
78:xdr_enum
79:_nss_files_setaliasent
80:c32rtomb
81:svcunixfd_create
83:wcstof64
84:__nss_files_data_open
85:netname2host
86:tmpfile
87:_IO_list_resetlock
88:pthread_attr_setschedpolicy
90:sync
91:nanosleep
92:lremovexattr
93:__getpid
94:pthread_detach
95:regfree
96:gethostname
97:pthread_detach
98:finitel
99:_IO_wfile_overflow
100:_IO_fgets
101:pwritev
102:getfsspec
103:updwtmpx
104:ether_ntohost
106:fgetgrent
107:wcstoull
108:endprotoent
109:_IO_getline
110:_IO_seekmark
115:rewind
116:setvbuf
117:mq_receive
118:__strtoul_internal
119:mq_receive
120:getpagesize
121:argz_append
122:__posix_getopt
123:ns_name_uncompress
124:ns_name_uncompress
125:fgetc_unlocked
127:__strcoll_l
128:fchmod
129:writev
130:snprintf
131:basename
132:isfdtype
133:reallocarray
134:pthread_attr_setstacksize
135:pthread_attr_setstacksize
136:timer_delete
137:__nss_hosts_lookup2
138:timer_delete
139:siginterrupt
140:tcsetpgrp
141:timer_delete
143:__nss_database_get
144:__sigaction
145:lstat
146:_obstack_free
147:__file_change_detection_for_fp
148:fchownat
149:tmpnam_r
150:gnu_get_libc_version
151:setgrent
152:_obstack_memory_used
155:pthread_attr_getschedparam
156:getnetbyaddr_r
157:tdelete
158:__sendmmsg
159:__libc_alloc_buffer_alloc_array
160:__iswblank_l
161:__sched_yield
162:epoll_ctl
163:_IO_file_close_it
164:svcudp_bufcreate
165:strcasestr
166:swapoff
167:xdr_bool
168:__gconv_get_alias_db
170:xdr_string
171:__libc_fcntl64
172:_IO_flockfile
173:timer_gettime
174:timer_gettime
175:putc
176:timer_gettime
177:getrpcbynumber_r
178:_IO_wfile_sync
179:__libc_current_sigrtmin
180:__xstat64
181:strtol_l
182:argp_error
183:strverscmp
184:__libc_res_nameinquery
185:envz_remove
186:pthread_setschedparam
187:pthread_setschedprio
188:pthread_setschedprio
189:utmpname
190:__ctype_init
191:__fgets_unlocked_chk
193:cnd_init
195:getentropy
196:_nss_files_gethostbyaddr_r
197:res_mkquery
198:cnd_init
200:execvpe
202:res_hnok
203:setsockopt
206:pututline
207:__xstat
208:chmod
210:__isoc23_strtoull
211:prctl
212:readv
214:__shm_get_name
215:_nss_netgroup_parseline
218:sleep
219:getgrgid
220:lcong48_r
222:mkstemps64
223:pthread_rwlock_destroy
224:__idna_from_dns_encoding
225:fcloseall
226:mq_open
227:sem_destroy
228:pthread_rwlock_destroy
229:getutxid
230:endfsent
231:mq_open
232:sem_destroy
233:inet_addr
234:iconv_open
235:puts
236:_nss_dns_gethostbyaddr2_r
237:_IO_marker_delta
238:xdr_pmap
240:thrd_create
241:thrd_create
242:_IO_sputbackwc
243:_IO_seekwmark
244:__strlcpy_chk
245:sigwaitinfo
246:key_gendes
247:__fentry__
248:getpeername
249:pthread_kill_other_threads_np
250:putw
252:fopen64
253:setpriority
254:setsourcefilter
255:tmpnam
256:mtx_unlock
257:getservbyport_r
258:mtx_unlock
259:fts64_children
260:pthread_attr_setinheritsched
261:pathconf
262:_nss_dns_getnetbyname_r
263:wcstombs
264:setipv4sourcefilter
265:getopt_long_only
266:__ns_name_uncompress
267:setutent
268:nl_langinfo_l
269:ctime
270:clnt_create
271:pthread_key_delete
272:pthread_key_delete
273:__sched_getparam
274:perror
275:_nss_files_initgroups_dyn
276:_setjmp
277:qfcvt
278:authnone_create
279:__poll_chk
280:strtof32
281:__isoc99_vfscanf
282:wprintf
283:setlinebuf
285:ungetc
286:isprint_l
287:__wcstof128_internal
288:__nptl_create_event
289:renameat
290:posix_spawnattr_getschedpolicy
291:__towlower_l
292:getgrent
294:__libc_ns_samename
296:stdc_first_leading_zero_ull
297:_IO_wdo_write
299:closelog
300:res_send
301:__mmap
302:_nss_files_getspent_r
303:aio_error
304:sem_init
305:sem_init
306:aio_error
307:__toascii_l
308:parse_printf_format
309:argz_stringify
312:group_member
313:pthread_rwlockattr_init
314:pthread_rwlockattr_init
315:iswalpha
320:__sigismember
321:twalk
325:strtof32x_l
326:versionsort
327:__gconv_create_spec
329:iswlower_l
330:siglongjmp
331:getutxline
333:stdc_leading_zeros_ull
334:_nss_files_setspent
335:__pipe
336:gai_suspend
337:gai_suspend
338:fsetxattr
339:pthread_sigmask
340:pmap_unset
341:pthread_sigmask
342:fputc_unlocked
343:xdrrec_create
344:__nl_langinfo_l
345:isgraph
346:sysconf
347:arch_prctl
348:twalk_r
349:fgetpos
350:__isoc99_wscanf
351:svcerr_progvers
352:getdtablesize
353:ftime
354:shmat
355:__res_nopt
356:ntp_gettimex
357:__fgetws_unlocked_chk
359:__iscntrl_l
360:lsetxattr
361:__fread_unlocked_chk
362:shm_open
363:shm_open
364:__res_context_hostalias
365:cnd_signal
366:cnd_signal
367:__realpath_chk
368:timer_settime
369:mq_timedsend
370:__strtof128_internal
371:timer_settime
372:mq_timedsend
373:timer_settime
374:wordexp
375:xdr_callmsg
376:__libc_free
378:cuserid
380:_nss_files_endaliasent
381:_IO_sputbackc
385:inet6_opt_next
386:__strtof_internal
387:dladdr
388:dladdr
389:__fdelt_warn
391:svcerr_auth
392:towupper_l
393:_nss_files_getnetent_r
394:msgctl
395:__wcstol_l
396:_nss_files_parse_spent
397:aio_suspend64
398:strcoll
399:aio_suspend64
401:symlink
402:dirfd
404:_IO_fclose
407:ioperm
408:__arch_prctl
412:__strcpy_chk
413:endsgent
414:asprintf
415:tss_create
416:__ptsname_r_chk
417:_IO_file_sync
418:tss_create
420:ustat
422:cbc_crypt
423:__close_nocancel
424:pthread_mutexattr_setrobust_np
425:ftw
427:_nss_files_getetherent_r
428:setsid
430:innetgr
432:__mq_open_2
433:__mq_open_2
434:getsgnam_r
436:utmpxname
437:svcerr_systemerr
438:__stpcpy_chk
439:clock_gettime
440:clock_gettime
441:sem_close
442:sem_close
443:qsort_r
444:__getlogin_r_chk
445:mkfifoat
446:_IO_file_doallocate
447:endrpcent
448:__fseeko64
449:statvfs
450:_nss_files_endpwent
451:malloc_stats
452:dcgettext
453:vscanf
454:re_exec
455:_nss_files_getpwuid_r
456:__inet6_scopeid_pton
457:get_myaddress
458:erand48
459:abs
460:iopl
461:sem_getvalue
462:sem_getvalue
463:__res_nquery
464:fchdir
465:chroot
466:pidfd_spawnp
467:__libc_fatal
468:wcsxfrm_l
469:endusershell
470:__endmntent
471:__ctype_toupper_loc
472:__strndup
473:uselocale
474:getdate
476:_dl_find_object
477:dlmopen
479:dlmopen
480:__libc_ifunc_impl_list
482:_nss_files_setetherent
483:creat
485:envz_get
487:tzset
488:__isxdigit_l
491:_IO_file_underflow
492:setstate_r
495:__setpgid
496:__libc_res_hnok
497:__res_ninit
499:sigsuspend
500:openat64
501:argz_extract
502:inet_netof
503:_nss_files_getprotobynumber_r
504:inet6_opt_find
505:__clock_gettime
506:getutline
507:res_search
508:wmemcpy
509:_IO_remove_marker
510:getdirentries64
511:__stack_chk_fail
512:gcvt
513:__printf_chk
514:__libc_dn_skipname
515:tdestroy
516:free
517:fread
518:hasmntopt
519:strtoul_l
520:__fcntl
521:__ttyname_r_chk
522:getrlimit
523:getaddrinfo_a
524:getaddrinfo_a
525:wcsnrtombs
526:chdir
527:__libc_dynarray_resize
528:exit
529:__res_query
530:freopen
531:putwchar_unlocked
532:lseek64
533:__isoc99_vfwscanf
534:lutimes
535:closefrom
536:posix_spawn_file_actions_init
537:ntohl
538:stdc_first_trailing_one_ull
539:_IO_fread
540:pthread_mutexattr_settype
541:pthread_mutexattr_settype
542:svcerr_weakauth
543:eventfd_write
544:svcudp_create
545:res_nquerydomain
546:__iswcntrl_l
547:ntohs
548:argz_replace
549:if_nameindex
550:setbuf
551:_IO_file_fopen
553:xdr_void
554:__isoc23_wcstoimax
555:__wcscpy_chk
556:memalign
557:statx
558:sendfile64
559:setrlimit
560:xdr_long
561:setgid
562:_dl_mcount_wrapper
563:openpty
564:pthread_once
565:secure_getenv
566:openpty
567:putchar_unlocked
568:pthread_once
569:_nss_files_getgrnam_r
570:xdr_u_longlong_t
571:_IO_setbuffer
572:iconv
573:__strdup
574:freopen64
575:__libc_sigaction
576:wcslcpy
577:strtof64
578:_IO_file_xsputn
579:sched_setparam
580:execle
581:argp_failure
582:pread64
583:msgsnd
584:sigdescr_np
587:__towctrans_l
590:stdc_leading_ones_ull
591:wcstoll_l
592:mtx_init
594:isblank_l
595:__finite
596:mtx_init
597:getpt
598:iswpunct_l
599:printf_size
600:iswlower
601:__fdelt_chk
602:msync
604:__monstartup
605:fstatat
606:timerfd_create
607:sscanf
608:__fpurge
609:svc_getreq_common
610:_IO_wfile_xsputn
611:getpw
612:_IO_str_overflow
613:get_kernel_syms
614:__isoc23_scanf
615:wcscoll_l
616:clnttcp_create
617:pthread_atfork
618:__resolv_context_get
619:__assert_fail
620:strtoull
621:execlp
622:__isoc99_vsscanf
624:thrd_equal
626:_nss_files_parse_netent
627:aio_suspend
628:__bzero
629:__strtok_r_1c
630:clearenv
631:aio_suspend
632:times
633:tcsendbreak
634:sigaddset
635:pthread_barrierattr_setpshared
636:fgetpwent
637:pthread_barrierattr_setpshared
638:__isoc23_vwscanf
639:readdir64
641:__libc_ns_makecanon
644:globfree64
645:_IO_default_xsgetn
646:__isalpha_l
647:setenv
648:__nss_passwd_lookup2
649:__vfwprintf_chk
650:_IO_feof
651:thrd_yield
652:__secure_getenv
654:shmdt
656:__open64
657:__dgettext
658:modf
659:__isascii_l
660:regcomp
661:inet6_opt_get_val
662:tss_set
663:futimesat
664:tss_set
665:__wctype_l
666:on_exit
667:getutent_r
668:_IO_wdoallocbuf
669:__pthread_mutexattr_init
670:mallinfo2
671:__wmemcpy_chk
672:stdc_has_single_bit_ull
673:setpwent
674:__tfind
675:getttynam
676:unshare
677:_nss_files_getnetgrent_r
678:sigfillset
679:wcstoul
681:_nss_files_setservent
682:__sigdelset
683:iconv_close
684:__inet_aton_exact
685:stat
686:pthread_rwlock_rdlock
687:pthread_rwlock_rdlock
688:_nss_files_setgrent
689:ftrylockfile
690:__isoc23_fscanf
691:mkdirat
692:wcstouq
693:__ns_name_ntop
694:__mbrlen
695:rtime
696:__munmap
697:freeaddrinfo
698:xdr_cryptkeyres
699:accept4
700:futimens
702:getaddrinfo
704:inet_nsap_addr
705:xdrrec_skiprecord
706:ptsname_r
707:_IO_un_link
709:__isoc23_strtoimax
710:_nss_dns_gethostbyaddr_r
711:pthread_self
712:mprobe
713:pthread_mutexattr_getprioceiling
714:pthread_mutexattr_getprioceiling
715:__h_errno_location
716:thrd_exit
717:wcswcs
718:thrd_exit
719:fgetws_unlocked
720:__pthread_mutex_destroy
721:__toupper_l
723:fstatat64
724:aio_read64
725:aio_read64
726:__default_morecore
727:pthread_setcanceltype
728:sched_rr_get_interval
729:_mcleanup
730:_IO_wsetb
731:fstatfs64
732:setns
733:getc
734:xdr_callhdr
735:mknodat
736:ether_aton_r
737:__mbrtowc
738:_nss_files_parse_grent
739:__libc_allocate_once_slow
740:frexpf
741:_IO_fwrite
742:vlimit
743:catclose
744:_nss_files_setrpcent
745:dlclose
746:__wcsncat_chk
747:dlclose
748:ecb_crypt
749:__libc_res_queriesmatch
750:ptsname
751:_nss_files_getrpcbyname_r
752:_nss_files_sethostent
753:strcoll_l
754:strtof64x
755:sem_clockwait
756:__wcstoul_internal
757:rand_r
758:sem_clockwait
759:sigtimedwait
760:gnu_dev_minor
761:verrx
763:_nss_files_endetherent
764:ffsll
765:tr_break
766:frexpl
767:sigismember
768:_nss_files_getsgent_r
769:__getgroups_chk
770:getusershell
771:_obstack_allocated_p
772:pthread_spin_destroy
773:_nss_files_getntohost_r
774:pthread_spin_destroy
776:posix_spawnattr_setsigmask
777:sigaction
778:__wcslcat_chk
779:_nss_files_parse_etherent
780:inet6_rth_segments
781:__pthread_key_create
782:getspnam
783:fwscanf
784:__pthread_key_create
785:__mktemp
786:utime
787:__longjmp_chk
788:__sched_get_priority_min
789:sched_get_priority_max
790:llabs
791:gets
792:__merge_grp
793:posix_spawn_file_actions_addchdir_np
794:vmsplice
796:getprotobynumber
797:getutxent
798:argp_help
799:getpwent
800:cfgetospeed
801:inet6_opt_init
802:_IO_file_seek
803:setstate
804:__socket
805:des_setparity
806:getw
807:strdup
808:gai_cancel
809:logwtmp
811:gai_cancel
812:logwtmp
813:pthread_mutex_getprioceiling
814:pthread_mutex_getprioceiling
815:wcstod_l
816:tss_get
817:tss_get
818:fcntl
819:if_nametoindex
820:xdr_u_long
821:_IO_funlockfile
822:stdc_count_zeros_uc
823:fnmatch
824:sched_setaffinity
825:sched_setaffinity
826:_pthread_cleanup_pop_restore
827:aio_return64
828:__sched_cpualloc
829:initstate
830:aio_return64
831:wordfree
832:get_current_dir_name
834:moncontrol
836:stdc_count_zeros_ui
837:munlockall
838:_IO_sungetwc
839:__fsetlocking
840:isalpha
841:posix_spawnattr_setsigdefault
842:xdr_hyper
843:closedir
844:timespec_getres
845:__strtod_l
846:inet6_opt_set_val
847:realpath
848:realpath
850:stdc_count_zeros_ul
851:_obstack_newchunk
852:getpwnam_r
853:__libc_memalign
854:wcswidth
855:__strpbrk_c2
856:__ctype_get_mb_cur_max
857:__strpbrk_c3
858:pthread_mutex_consistent
859:pthread_mutex_consistent
860:__libc_mallopt
861:__file_is_unchanged
863:__getdelim
864:preadv2
865:authdes_pk_create
866:strerrordesc_np
867:bind
868:__gconv_get_modules_db
869:pthread_rwlockattr_getpshared
871:stdc_count_zeros_us
872:pthread_rwlockattr_getpshared
873:__netlink_assert_response
874:__isoc23_vscanf
875:__libc_early_init
876:open64
877:__isoc23_swscanf
878:open_by_handle_at
880:mcheck_pedantic
881:__isoc99_vswscanf
882:vwscanf
883:__fortify_fail
884:setusershell
885:putpmsg
886:pthread_mutexattr_destroy
887:__strtold_nan
888:pthread_mutexattr_destroy
889:pthread_barrier_wait
890:register_printf_function
891:__nss_passwd_lookup
892:pthread_barrier_wait
894:_IO_wdefault_finish
895:gai_error
896:gai_error
897:posix_spawnattr_getschedparam
898:wcstof128
899:vwprintf
901:inet6_rth_reverse
902:mbsrtowcs
903:__res_hnok
904:xdr_cryptkeyarg
905:xencrypt
906:setuid
907:socketpair
908:personality
909:getservent_r
910:bzero
911:posix_fadvise64
912:re_compile_fastmap
914:statfs64
916:__cxa_at_quick_exit
917:pthread_rwlock_trywrlock
918:putchar
919:pthread_rwlock_trywrlock
920:getservbyport
921:unlink
922:munmap
923:arc4random_buf
924:mbrlen
925:_nss_files_gethostton_r
926:setfsgid
928:sigblock
930:ferror
931:delete_module
932:pututxline
934:mlock2
935:__gconv_get_cache
936:clock
937:fflush
938:hsearch_r
939:timespec_get
940:__twalk_r
941:_nss_files_endsgent
942:mkstemp64
944:wcsrtombs
946:__tsearch
947:difftime
948:inet6_rth_init
949:updwtmp
950:pthread_setattr_default_np
951:pthread_setattr_default_np
952:__duplocale
953:__backtrace_symbols
954:__recvfrom_chk
955:__libc_fork
956:iswprint_l
957:getgroups
958:pkey_set
959:__argz_next
960:__ffs
961:__wcpcpy_chk
962:wcsdup
963:freelocale
964:__strfmon_l
965:htonl
968:listxattr
969:__libc_init_first
970:tfind
972:ftruncate
973:sigpause
974:mmap64
975:epoll_pwait
976:svc_getreq
977:iscntrl_l
978:__open64_nocancel
979:__libc_reallocarray
980:tcflush
981:aio_return
982:aio_return
983:xdr_uint8_t
984:aio_read
985:htons
986:aio_read
987:__dn_expand
988:pthread_rwlockattr_destroy
989:pthread_rwlockattr_destroy
990:nice
991:fdatasync
992:__res_send
993:__res_ownok
994:strtod
995:ether_ntoa_r
996:setfsent
997:__dn_skipname
998:setprotoent
999:fputws_unlocked
1001:gethostbyname2_r
1002:strtof
1003:lrand48_r
1004:xdr_uint32_t
1005:setgroups
1006:posix_spawnattr_getflags
1007:__strftime_l
1008:__cxa_thread_atexit_impl
1009:strtoumax
1011:memmem
1012:__ppoll_chk
1013:__pthread_cleanup_routine
1014:__pthread_cleanup_routine
1015:__isoc23_vfwscanf
1016:_pthread_cleanup_push_defer
1017:waitid
1018:gethostent
1019:posix_spawnattr_setpgroup
1020:clearerr
1021:__nss_lookup
1022:_IO_file_stat
1023:svcunix_create
1024:error
1025:__wcstoll_internal
1026:__cyg_profile_func_exit
1027:strfromf128
1028:strtok
1029:mktemp
1030:getrpcbynumber
1031:setaliasent
1032:fputwc
1033:poll
1034:strtol
1035:strfry
1036:_mcount
1037:__explicit_bzero_chk
1038:pthread_rwlockattr_setkind_np
1039:__libc_unwind_link_get
1040:pthread_rwlockattr_setkind_np
1041:fopen
1043:strndup
1044:xdr_uint64_t
1045:futimes
1046:sethostname
1047:__isoc23_sscanf
1048:flock
1049:strtoq
1050:system
1051:socket
1052:__inet_pton_length
1053:wcsspn
1054:symlinkat
1055:initgroups
1056:_IO_fopen
1057:addseverity
1058:towctrans_l
1059:vdprintf
1060:ualarm
1061:endservent
1062:iswupper
1063:timegm
1064:strtof128_l
1065:key_secretkey_is_set
1066:__strtoull_l
1067:setpgid
1068:telldir
1069:__wcstol_internal
1070:sbrk
1071:__stpcpy_small
1072:fchflags
1073:__openat64_2
1074:creat64
1075:fputws
1077:inet6_rth_space
1078:__libc_alloc_buffer_copy_bytes
1079:pthread_setconcurrency
1080:pthread_setconcurrency
1081:__openat_2
1082:__open_catalog
1083:stdc_bit_floor_uc
1084:__iswxdigit_l
1085:getpwuid
1087:mbtowc
1088:__fxstat64
1089:pthread_mutex_setprioceiling
1090:step
1091:pthread_mutex_setprioceiling
1092:call_once
1093:__signbit
1094:call_once
1095:endmntent
1096:__wcstold_l
1097:wcsftime_l
1098:xdr_int32_t
1099:wcstof32x_l
1100:stdc_bit_floor_ui
1101:__backtrace_symbols_fd
1102:__isupper_l
1103:putwc
1104:__libc_sa_len
1105:fstatfs
1106:stdc_bit_floor_ul
1107:_pthread_cleanup_push
1108:localtime_r
1109:_pthread_cleanup_push
1111:ntp_gettime
1112:ldexp
1114:__lll_lock_wait_private
1115:fork
1116:mq_close
1117:pkey_get
1118:mq_close
1119:recvfrom
1120:process_vm_readv
1121:iswctype_l
1122:xdr_int64_t
1123:sigreturn
1124:__wmempcpy_chk
1125:_nss_files_getrpcent_r
1126:dgettext
1127:key_setnet
1128:mkdtemp
1129:cfgetispeed
1130:__xpg_strerror_r
1131:_IO_enable_locks
1132:ftello64
1133:strtof64x_l
1134:stdc_bit_floor_us
1135:getfsent
1136:xdr_float
1137:xdr_u_quad_t
1138:dirname
1139:gethostbyname2
1140:xdr_unixcred
1141:gnu_dev_makedev
1142:scandirat
1143:swscanf
1144:__lll_lock_wake_private
1145:__getauxval
1146:cnd_timedwait
1147:tmpfile64
1148:cnd_timedwait
1149:islower
1150:fgetsgent
1151:__libc_alloc_buffer_allocate
1152:strlcat
1155:truncate
1156:wcstoull_l
1157:xdr_keybuf
1158:getrpcent
1159:getgrnam
1160:wcschrnul
1161:__strxfrm_l
1162:wcstod
1163:feof_unlocked
1164:ftw64
1165:pthread_cond_init
1166:pthread_cond_init
1167:wcstof
1168:__wcsftime_l
1169:__internal_endnetgrent
1170:if_freenameindex
1171:getservbyname_r
1172:res_query
1173:iswalnum
1174:seed48_r
1175:getppid
1176:setlogmask
1177:__getdomainname_chk
1178:sigset
1180:wcstok
1181:fgetwc
1182:wcstol
1183:aio_write64
1184:_IO_setb
1185:aio_write64
1186:posix_spawn_file_actions_addtcsetpgrp_np
1187:argp_state_help
1188:setsgent
1189:hstrerror
1190:__nss_services_lookup2
1191:strerrorname_np
1192:wcstoq
1193:setrpcent
1194:__strtol_internal
1195:__libc_secure_getenv
1196:pthread_join
1197:pthread_join
1198:_IO_switch_to_wget_mode
1199:iswspace
1200:_IO_wfile_underflow
1201:strsignal
1202:__res_mailok
1203:getrusage
1205:timerfd_gettime
1206:sigpending
1208:adjtimex
1209:_nss_files_setpwent
1210:wcsftime
1211:__pthread_rwlock_unlock
1212:gethostbyaddr
1214:__ctype_b_loc
1215:__wcstoull_l
1216:re_search
1218:_IO_do_write
1219:__setmntent
1220:getnetgrent_r
1221:fgetws
1222:pthread_condattr_setpshared
1223:__pthread_rwlock_wrlock
1224:pthread_condattr_setpshared
1225:wctob
1226:rmdir
1227:__chk_fail
1228:getwchar_unlocked
1229:__ns_name_skip
1230:thrd_current
1231:__fpending
1232:__wcstoull_internal
1233:__pthread_unregister_cancel_restore
1234:__pthread_unregister_cancel_restore
1235:mblen
1236:__stpncpy_chk
1237:read
1238:ecvt_r
1239:__sysctl
1240:__vasprintf_chk
1242:__libc_msgsnd
1243:getaliasent
1244:recvmmsg
1245:printf_size_info
1246:getwc
1247:_nss_files_getnetbyaddr_r
1249:imaxabs
1251:__sched_cpufree
1252:endutxent
1253:getwd
1254:fpathconf
1255:xdr_wrapstring
1256:stdc_bit_ceil_ull
1257:pvalloc
1258:initstate_r
1259:usleep
1260:wait3
1261:ttyname_r
1262:xdr_uint16_t
1263:wait4
1264:rresvport
1265:_longjmp
1266:isalpha_l
1267:_nss_files_parse_pwent
1268:__strtof_nan
1269:iswblank_l
1270:res_querydomain
1271:setfsuid
1272:epoll_wait
1274:unsetenv
1275:xdr_quad_t
1276:__swprintf_chk
1277:xdrmem_create
1278:cnd_broadcast
1279:cnd_broadcast
1283:lrand48
1284:gethostbyaddr_r
1285:__strtoll_l
1286:xprt_unregister
1288:getgrent_r
1291:wctype
1292:svc_sendreply
1293:__read_nocancel
1294:pthread_rwlockattr_getkind_np
1295:valloc
1296:pthread_rwlockattr_getkind_np
1297:__iswupper_l
1299:get_nprocs
1300:wcstof_l
1301:_IO_file_seekoff
1302:__isoc23_wcstoul_l
1303:c16rtomb
1305:endaliasent
1306:posix_fallocate64
1307:gmtime
1308:tcdrain
1309:mknod
1310:getsgent
1311:svctcp_create
1312:sigdelset
1313:strtod_l
1314:_IO_str_seekoff
1315:mbrtowc
1316:xdr_free
1317:__isinff
1318:pthread_sigqueue
1319:_seterr_reply
1320:pthread_sigqueue
1321:tcgetsid
1322:fts64_set
1323:__freading
1324:logout
1325:__vsprintf_chk
1326:init_module
1327:logout
1328:mount
1329:srandom_r
1330:getnetent_r
1331:bind_textdomain_codeset
1332:faccessat
1333:clearerr_unlocked
1334:__isoc99_fwscanf
1335:__strtof_l
1336:hsearch
1337:__isinfl
1338:getdelim
1339:labs
1340:inotify_add_watch
1341:pthread_attr_getsigmask_np
1342:__resolv_context_put
1343:pthread_getaffinity_np
1345:pthread_getaffinity_np
1346:pthread_getaffinity_np
1347:sigabbrev_np
1348:verr
1349:xdr_int16_t
1350:stdc_first_trailing_zero_uc
1351:__isoc23_vswscanf
1352:__rpc_thread_svc_fdset
1353:ruserok_af
1354:__sigsetjmp
1355:xdr_rejected_reply
1357:getutid_r
1360:inet6_opt_append
1361:__isnan
1362:_nss_files_endnetent
1363:toupper_l
1364:getprotobyname_r
1365:qecvt_r
1366:__res_context_mkquery
1367:getresgid
1368:__nss_files_data_endent
1369:stdc_first_trailing_zero_ui
1370:swab
1371:send
1372:getxattr
1373:pthread_mutex_destroy
1374:wait
1375:xdr_u_int
1376:stdc_first_trailing_one_uc
1377:close_range
1378:sprofil
1379:stdc_first_trailing_zero_ul
1381:wcscoll
1382:__mbsrtowcs_chk
1383:pthread_mutex_trylock
1384:pmap_set
1385:pthread_mutex_trylock
1386:towlower_l
1387:timerfd_settime
1388:getutmpx
1389:__fwritable
1390:__strncpy_chk
1391:gethostbyname
1393:mkdir
1394:sigsetmask
1395:stdc_first_trailing_one_ui
1396:getprotoent_r
1397:process_vm_writev
1398:makecontext
1399:gtty
1400:pthread_attr_getguardsize
1401:pthread_attr_getguardsize
1402:link
1403:__bsd_getpgrp
1404:posix_spawnattr_getcgroup_np
1405:stdc_first_trailing_one_ul
1406:stdc_first_trailing_zero_us
1407:pthread_attr_init
1408:__vfprintf_chk
1409:sgetspent
1410:adjtime
1411:__libc_alloc_buffer_copy_string
1412:setresgid
1413:xdr_u_short
1414:__ns_name_pton
1415:hdestroy_r
1416:vfwscanf
1417:__libc_dynarray_resize_clear
1418:__poll
1420:argz_create
1421:lckpwdf
1423:iswblank
1424:_nss_files_getaliasbyname_r
1425:__libc_dn_expand
1426:wscanf
1427:__isspace_l
1428:stdc_first_trailing_one_us
1429:__libc_scratch_buffer_grow_preserve
1430:_IO_vfprintf
1431:__isinf
1432:host2netname
1433:xdr_replymsg
1434:__isoc99_vwscanf
1435:feof
1436:__isoc23_wcstoll
1437:fscanf
1438:getspent_r
1439:_IO_link_in
1440:xdrrec_endofrecord
1441:chflags
1442:pmap_rmtcall
1443:mbsinit
1444:__gconv_destroy_spec
1445:arc4random_uniform
1446:getdirentries
1447:getrlimit64
1448:pthread_mutexattr_init
1449:getpmsg
1450:pthread_mutexattr_init
1451:__isoc23_strtol
1452:qecvt
1453:argp_parse
1454:wcsstr
1455:re_comp
1456:__sbrk
1457:__recv_chk
1458:dn_skipname
1459:llseek
1460:pthread_cond_timedwait
1461:pthread_cond_timedwait
1462:__isoc23_strtoul_l
1463:fchown
1464:get_nprocs_conf
1465:posix_openpt
1466:putspent
1467:__vsnprintf_chk
1468:_IO_unsave_wmarkers
1469:xdr_reference
1470:ptrace
1471:if_indextoname
1472:pidfd_open
1473:sysinfo
1474:sysctl
1476:pthread_cond_signal
1477:gettext
1478:pthread_create
1479:pthread_cond_signal
1480:pthread_create
1481:xprt_register
1482:pthread_mutexattr_getrobust_np
1483:vswprintf
1484:posix_spawn_file_actions_addfchdir_np
1485:__getpgid
1486:getchar
1487:dup2
1488:login_tty
1489:__fgetws_chk
1490:login_tty
1491:dup3
1492:_nss_dns_getnetbyaddr_r
1493:_IO_sgetn
1494:getpid
1495:munlock
1496:__wcstod_internal
1497:__wcscasecmp_l
1498:__obstack_vprintf_chk
1499:recv
1500:pthread_condattr_getpshared
1501:pthread_condattr_getpshared
1502:__isalnum_l
1503:xdr_pmaplist
1504:fgetpos64
1505:lio_listio
1506:inotify_init1
1507:getrpcbyname
1508:lio_listio
1510:lio_listio
1511:iswpunct
1512:__fork
1513:_nss_files_getaliasent_r
1514:__statfs
1515:pthread_attr_setguardsize
1517:scanf
1518:pthread_attr_setguardsize
1519:inet6_option_alloc
1520:posix_spawnattr_setcgroup_np
1521:signalfd
1522:__wcstod_l
1524:wcstof32_l
1525:tsearch
1527:__libc_alloca_cutoff
1529:__pthread_getspecific
1530:__rpc_thread_svc_pollfd
1533:fflush_unlocked
1534:gnu_get_libc_release
1535:chown
1536:svcfd_create
1537:pthread_mutexattr_gettype
1538:scalbnf
1539:pthread_mutexattr_gettype
1540:iswxdigit_l
1541:nftw64
1542:wcstoimax
1543:wcstof64_l
1544:nftw64
1545:isinff
1546:pthread_spin_unlock
1547:__gconv_open
1548:pthread_spin_unlock
1549:__strtoll_internal
1550:__res_nmkquery
1551:__sched_setscheduler
1552:__sched_cpucount
1553:l64a
1554:canonicalize_file_name
1555:sigisemptyset
1557:stdc_leading_zeros_uc
1558:hcreate
1559:scalbnl
1560:pthread_getspecific
1561:pthread_getspecific
1562:res_nquery
1563:capset
1564:_nss_files_setnetgrent
1565:pthread_getattr_default_np
1566:pthread_getattr_default_np
1567:readlink
1568:_IO_file_read
1569:isinfl
1571:mkstemp
1572:pthread_condattr_getclock
1573:umask
1574:pthread_condattr_getclock
1575:_IO_str_pbackfail
1576:sched_get_priority_min
1577:mbstowcs
1578:stdc_leading_zeros_ui
1579:rand
1582:fremovexattr
1583:getrpcbyname_r
1585:stdc_leading_zeros_ul
1586:__vsyslog_chk
1587:duplocale
1589:wcstof32x
1590:fts_children
1591:__vsnprintf
1592:isxdigit_l
1593:execve
1594:isupper
1595:argz_next
1596:pthread_mutex_lock
1597:inet_lnaof
1598:strfmon_l
1599:__vfork
1602:_IO_fprintf
1603:stdc_leading_zeros_us
1604:realloc
1605:pthread_cond_broadcast
1606:pthread_mutexattr_getpshared
1607:pthread_cond_broadcast
1608:pthread_mutexattr_getpshared
1609:__isoc23_wcstol
1610:getline
1612:isatty
1613:ether_line
1614:__wctomb_chk
1615:__isoc23_strtoll
1616:getaliasbyname
1617:pthread_setaffinity_np
1618:pthread_setaffinity_np
1619:copysign
1621:pthread_setaffinity_np
1622:dn_expand
1623:__cxa_atexit
1624:res_ownok
1625:mtx_trylock
1626:lockf64
1627:mtx_trylock
1628:ppoll
1629:psiginfo
1630:wctomb
1631:execvp
1632:_nss_files_getpwnam_r
1633:posix_fadvise
1634:__pthread_mutex_unlock
1635:mtrace
1636:__iswspace_l
1637:__mprotect
1638:pkey_free
1639:putmsg
1640:gmtime_r
1641:stdc_count_ones_uc
1642:__towctrans
1643:stdc_count_zeros_ull
1644:user2netname
1645:getdomainname
1646:_IO_proc_open
1647:getpass
1648:__read
1650:__pread64_chk
1651:clock_getres
1652:clock_getres
1653:pthread_attr_destroy
1655:xdr_vector
1658:pwritev64v2
1659:getnameinfo
1660:malloc_info
1661:__sprintf_chk
1663:getcontext
1664:xdr_bytes
1665:stdc_count_ones_ui
1666:__wcstoul_l
1667:_IO_list_unlock
1668:stdc_bit_width_ull
1670:getutline_r
1672:isnan
1673:stdc_count_ones_ul
1674:_exit
1675:iswcntrl_l
1676:eventfd_read
1677:utimes
1678:_IO_printf
1679:profil
1680:getpwnam
1681:argp_usage
1682:btowc
1683:__fstat64
1684:bindtextdomain
1685:stdc_trailing_zeros_uc
1687:__libc_freeres
1688:__sigpause
1689:__getmntent_r
1690:isastream
1691:__isoc99_swscanf
1692:__mbsnrtowcs_chk
1693:getsourcefilter
1694:__wunderflow
1695:ulckpwdf
1696:stdc_count_ones_us
1697:dl_iterate_phdr
1698:lockf
1699:flockfile
1700:pthread_attr_getinheritsched
1701:getaliasbyname_r
1702:stdc_trailing_zeros_ui
1703:__open_2
1705:__libc_system
1706:fcvt
1707:__libc_allocate_rtsig
1708:_IO_seekoff
1711:fanotify_mark
1712:strfromf32x
1713:stdc_trailing_zeros_ul
1714:isalnum
1715:monstartup
1717:capget
1718:getresuid
1719:clock_adjtime
1720:name_to_handle_at
1721:strxfrm
1722:timer_create
1723:__ns_name_pack
1724:timer_create
1725:timer_create
1726:strftime
1727:herror
1728:__signbitf
1730:__pthread_mutex_lock
1732:wcstold_l
1733:__fprintf_chk
1734:_nss_files_setsgent
1735:isinf
1736:posix_spawnattr_setschedpolicy
1737:stdc_trailing_zeros_us
1738:isupper_l
1739:__strcpy_small
1740:lchmod
1741:pthread_attr_getschedpolicy
1742:__wcsrtombs_chk
1743:__fread_chk
1744:localeconv
1745:setegid
1746:open_memstream
1747:sem_unlink
1748:aio_fsync
1749:__signbitl
1750:aio_fsync
1751:sem_unlink
1752:__tolower_l
1753:statfs
1754:isspace
1755:obstack_vprintf
1756:removexattr
1757:pidfd_getpid
1758:mkostemp64
1759:swapon
1760:lstat64
1761:setjmp
1762:__clone
1763:open
1764:fsconfig
1765:__argz_count
1766:setresuid
1768:ruserpass
1769:get_phys_pages
1770:wcsncasecmp_l
1771:semtimedop
1772:__xpg_basename
1773:__nss_disable_nscd
1774:fdetach
1775:xdr_key_netstres
1776:__backtrace
1777:inet6_option_next
1778:stime
1779:xdr_getcredres
1780:__nss_hash
1781:vswscanf
1782:__rpc_thread_createerr
1783:lfind
1785:atof
1786:gethostent_r
1788:mkostemps
1789:sem_trywait
1790:__send
1791:sem_trywait
1792:pthread_rwlockattr_setpshared
1793:__wait
1794:_IO_proc_close
1795:pthread_rwlockattr_setpshared
1796:getauxval
1797:bindresvport
1798:shutdown
1799:key_setsecret
1800:atoi
1801:_IO_vsprintf
1802:getmsg
1804:confstr
1805:getloadavg
1806:malloc
1809:__res_nsearch
1810:_nss_files_parse_sgent
1811:atol
1812:strxfrm_l
1813:create_module
1814:_IO_file_attach
1816:mkostemps64
1817:rpmatch
1818:__isoc23_wcstoumax
1819:__lxstat
1820:pclose
1821:__libc_start_main
1822:__nss_configure_lookup
1823:__libc_start_main
1825:sched_yield
1826:endnetent
1827:__nss_lookup_function
1828:recvmsg
1829:strtof_l
1831:getmntent
1832:funlockfile
1833:rcmd_af
1834:pthread_rwlock_clockrdlock
1835:stdc_trailing_ones_uc
1836:pthread_rwlock_clockrdlock
1837:_nss_files_parse_servent
1838:_IO_marker_difference
1839:pthread_getname_np
1840:__libc_scratch_buffer_grow
1841:pthread_getname_np
1842:inotify_init
1843:_IO_init
1844:__wmemmove_chk
1845:umount2
1846:putgrent
1847:_nss_files_endservent
1848:__ftello64
1849:_nss_files_getrpcbynumber_r
1850:__wcsncasecmp_l
1851:copy_file_range
1852:stdc_trailing_ones_ui
1853:xdr_array
1854:pthread_key_create
1855:pthread_key_create
1856:timer_getoverrun
1857:timer_getoverrun
1858:bsearch
1859:timer_getoverrun
1860:__strsep_1c
1861:_IO_free_backup_area
1862:_IO_str_init_static
1863:posix_spawn_file_actions_adddup2
1864:wcstof128_l
1865:__isdigit_l
1866:stdc_trailing_ones_ul
1867:glob64
1868:thrd_join
1869:thrd_join
1870:glob64
1871:pread
1872:strtold
1873:execl
1874:_nss_dns_getcanonname_r
1875:__libc_dynarray_finalize
1876:isascii
1877:_nss_files_endnetgrent
1878:setmntent
1879:__isoc23_wscanf
1880:cnd_destroy
1881:cnd_destroy
1882:sigvec
1883:res_dnok
1884:epoll_pwait2
1885:clntunix_create
1886:pthread_rwlock_unlock
1887:pthread_rwlock_unlock
1888:iswprint
1889:__libc_scratch_buffer_set_array_size
1890:fgetgrent_r
1891:stdc_trailing_ones_us
1892:__res_nclose
1894:pthread_rwlock_timedrdlock
1895:pthread_rwlock_timedrdlock
1896:pthread_rwlock_wrlock
1897:strtoll
1898:xdr_int
1899:pthread_rwlock_wrlock
1900:wcrtomb
1901:pthread_rwlock_timedwrlock
1902:pthread_rwlock_timedwrlock
1903:readdir_r
1904:stdc_leading_ones_uc
1905:wcscasecmp
1906:__idna_to_dns_encoding
1907:execv
1910:__fwprintf_chk
1912:_IO_doallocbuf
1913:__dup2
1914:open_wmemstream
1915:sigprocmask
1916:re_search_2
1917:error_at_line
1918:getwc_unlocked
1919:inet6_option_find
1920:_IO_unsave_markers
1921:nfsservctl
1922:process_mrelease
1923:_nss_files_getspnam_r
1924:stdc_leading_ones_ui
1925:__recv
1926:vfork
1927:remove
1931:pwritev64
1932:div
1933:__strerror_r
1934:svc_getreqset
1935:stdc_leading_ones_ul
1936:iswdigit
1937:pthread_timedjoin_np
1938:wcstof64x_l
1939:pthread_timedjoin_np
1940:posix_spawn_file_actions_addclose
1942:sethostent
1943:truncate64
1944:_nss_files_endhostent
1945:textdomain
1946:ctermid
1947:sendto
1948:__adjtimex
1949:reboot
1950:_IO_fgetpos64
1951:__file_change_detection_for_stat
1952:_IO_iter_end
1953:_nss_files_endrpcent
1954:getsgent_r
1955:getsecretkey
1956:__ns_name_unpack
1957:__strlcat_chk
1958:pthread_attr_getstack
1959:pthread_attr_getstack
1960:xdr_keystatus
1961:clnt_pcreateerror
1962:strtoll_l
1963:fdopen
1964:__strtof128_nan
1965:stdc_leading_ones_us
1966:tss_delete
1967:stdc_bit_floor_ull
1968:sgetspent_r
1969:tss_delete
1970:pthread_kill
1971:__cyg_profile_func_enter
1972:fprintf
1973:pthread_kill
1974:wcspbrk
1975:__copy_grp
1976:mincore
1977:__strsep_2c
1978:c8rtomb
1979:envz_merge
1980:thrd_detach
1981:thrd_detach
1982:__libc_calloc
1983:__isoc23_strtoumax
1985:iswalpha_l
1986:_IO_sprintf
1987:envz_add
1988:sigandset
1989:glob
1990:glob
1991:authunix_create
1992:_IO_wdefault_xsputn
1993:isblank
1994:xdr_key_netstarg
1995:_IO_ferror
1996:register_printf_type
1997:__libc_valloc
1998:mktime
1999:inotify_rm_watch
2000:listen
2002:rcmd
2003:clnt_broadcast
2005:get_avphys_pages
2006:posix_spawn_file_actions_destroy
2007:__xmknod
2008:_IO_fflush
2009:__pthread_rwlock_tryrdlock
2010:fchmodat
2011:klogctl
2012:iswdigit_l
2013:pthread_cond_destroy
2014:__getcwd_chk
2015:pthread_cond_destroy
2016:mkostemp
2017:__gethostname_chk
2018:__strtold_internal
2019:glob_pattern_p
2020:ether_hostton
2021:putwchar
2022:__internal_getnetgrent_r
2023:_rpc_dtablesize
2024:vfwprintf
2025:getsubopt
2026:memfd_create
2028:llistxattr
2029:finite
2030:__nss_files_data_setent
2031:fts_close
2032:vwarnx
2033:pthread_getschedparam
2034:setpgrp
2035:getopt
2036:__wcstof_l
2037:drand48_r
2038:fgetspent_r
2039:getnetbyname_r
2040:_IO_wmarker_delta
2041:aio_cancel
2042:aio_cancel
2043:xdr_netobj
2044:__pthread_mutexattr_settype
2045:setutxent
2046:__iswalpha_l
2047:_nss_files_getprotoent_r
2048:cfsetospeed
2050:fread_unlocked
2051:__waitpid
2052:ether_aton
2053:nftw
2054:jrand48_r
2055:vprintf
2056:ether_ntoa
2057:nftw
2058:authunix_create_default
2059:ttyname
2060:mq_setattr
2061:alphasort64
2062:mq_setattr
2063:mtx_timedlock
2064:epoll_create
2065:mtx_timedlock
2066:posix_spawn
2067:posix_spawn
2069:_IO_iter_file
2070:ftok
2071:__strsep_3c
2072:pthread_mutexattr_getkind_np
2073:clone
2074:__connect
2076:__iswdigit_l
2077:ispunct
2078:fts64_read
2079:posix_spawnattr_setflags
2080:__internal_setnetgrent
2081:_nss_files_gethostbyname_r
2082:cnd_wait
2083:getpgid
2084:cnd_wait
2085:getnetname
2086:getaliasent_r
2087:isspace_l
2088:__xmknodat
2089:__isgraph_l
2090:renameat2
2091:xdr_char
2092:fwide
2094:getrpcent_r
2095:__read_chk
2096:iruserok
2097:_IO_flush_all_linebuffered
2098:_nss_files_getgrent_r
2099:xdrstdio_create
2100:__sysv_signal
2101:pthread_attr_getscope
2102:_IO_file_open
2103:__nss_database_lookup
2104:versionsort64
2105:__res_context_query
2106:addmntent
2107:dladdr1
2108:dladdr1
2109:seteuid
2110:srandom
2111:iswcntrl
2112:ffs
2113:_IO_file_close
2114:__strcat_chk
2115:setbuffer
2116:tempnam
2117:posix_spawn_file_actions_addopen
2118:insque
2119:registerrpc
2120:__islower_l
2121:mprotect
2122:pidfd_send_signal
2123:fopencookie
2124:_IO_iter_next
2125:_IO_default_finish
2126:ffsl
2127:getservent
2128:endspent
2129:backtrace_symbols_fd
2130:_IO_wdefault_pbackfail
2131:towlower
2132:ns_name_ntop
2133:stdc_trailing_zeros_ull
2134:svc_run
2135:ns_name_ntop
2136:strftime_l
2137:__fxstat
2138:aligned_alloc
2139:__underflow
2140:mlockall
2141:pkey_mprotect
2143:fileno_unlocked
2144:pthread_equal
2145:_pthread_cleanup_pop
2146:_pthread_cleanup_pop
2147:__isctype
2148:openlog
2149:fcntl64
2150:dlsym
2151:dlsym
2152:_nss_files_setnetent
2153:re_match
2155:_IO_switch_to_get_mode
2156:pthread_barrier_init
2157:srand48
2158:_nss_dns_gethostbyname2_r
2159:unlockpt
2160:pthread_barrier_init
2161:ttyslot
2162:stdc_first_leading_one_ull
2163:strfromf32
2164:isalnum_l
2165:gsignal
2166:wcslcat
2167:__res_get_nsaddr
2168:getdents64
2169:svc_getreq_poll
2170:getmntent_r
2171:getpublickey
2172:fts_read
2173:__open
2174:getfsfile
2175:sendmsg
2176:__libc_res_dnok
2177:fwrite_unlocked
2178:sem_wait
2179:_dl_mcount_wrapper_check
2180:_IO_list_lock
2181:sem_wait
2182:pwrite
2183:preadv64
2184:getc_unlocked
2185:_flushlbf
2186:pthread_yield
2187:iswctype
2188:_IO_default_uflow
2189:__pwrite64
2190:backtrace_symbols
2191:__nss_group_lookup
2193:inet_aton
2194:fdopendir
2195:inet_ntoa
2196:getcpu
2197:__strcasestr
2198:__wcstof_internal
2199:pthread_mutexattr_setprioceiling
2200:pthread_mutexattr_setprioceiling
2201:putwc_unlocked
2202:getprotobynumber_r
2203:strtoull_l
2204:__wcsncpy_chk
2205:stdc_bit_width_uc
2206:pthread_spin_lock
2207:__strverscmp
2208:pthread_spin_lock
2209:__strcspn_c1
2210:__strcspn_c2
2211:fstatvfs64
2212:qgcvt
2213:aio_write
2214:posix_spawnattr_setschedparam
2215:_IO_padn
2216:__strcspn_c3
2217:aio_write
2218:stdc_first_trailing_zero_ull
2219:inet6_rth_add
2220:endttyent
2221:getsgnam
2222:swapcontext
2223:stdc_bit_width_ui
2224:__libc_rpc_getport
2225:getprotobyname
2226:__wcslcpy_chk
2227:__lxstat64
2228:ngettext
2229:xdr_int8_t
2230:__pthread_rwlock_init
2231:rresvport_af
2233:inet6_option_init
2234:raise
2235:iswgraph_l
2236:stdc_bit_width_ul
2237:drand48
2239:__strsep_g
2241:lcong48
2242:pivot_root
2243:inet_ntop
2244:catgets
2245:linkat
2246:getnetbyaddr
2248:semop
2249:stdc_bit_width_us
2250:xdr_union
2251:__pthread_unregister_cancel
2252:__pthread_unregister_cancel
2253:fcvt_r
2254:forkpty
2255:__strspn_c1
2256:forkpty
2257:__strspn_c2
2258:vsnprintf
2259:pthread_rwlock_init
2260:pthread_rwlock_init
2261:__nss_parse_line_result
2262:pthread_cond_clockwait
2263:xdr_authdes_cred
2265:__strspn_c3
2266:pthread_cond_clockwait
2267:strtof128
2268:getsid
2269:__res_init
2270:register_printf_specifier
2271:__flbf
2272:killpg
2273:mremap
2274:svc_exit
2275:__ctype_tolower_loc
2276:fstat64
2277:svcerr_decode
2278:__strtod_nan
2279:__wcscat_chk
2280:getsockname
2281:scandirat64
2282:res_nsearch
2283:_IO_getline_info
2284:malloc_trim
2285:lldiv
2286:clock_nanosleep
2287:clock_nanosleep
2288:_nss_files_getservbyport_r
2289:__vfscanf
2290:__close
2291:re_match_2
2292:eventfd
2293:__pthread_once
2294:posix_spawn_file_actions_addclosefrom_np
2295:tolower
2296:mbrtoc8
2297:__write_nocancel
2298:pthread_mutex_clocklock
2299:_nss_files_endprotoent
2300:pthread_mutex_clocklock
2301:dlopen
2302:a64l
2303:dlopen
2304:__iswgraph_l
2305:copysignf
2306:warn
2307:towctrans
2308:pthread_attr_getdetachstate
2309:srand
2310:__isoc99_fscanf
2311:__cxa_finalize
2312:_nss_files_parse_protoent
2313:wmempcpy
2314:mlock
2315:mkstemps
2316:bdflush
2317:tee
2318:sprintf
2319:__vdprintf_chk
2320:scandir
2321:localtime
2322:copysignl
2323:stdc_bit_ceil_uc
2324:__resolv_context_get_override
2325:remque
2326:_nss_files_getservent_r
2327:_IO_str_underflow
2328:__isnanf
2329:__readlinkat_chk
2330:wcstoul_l
2331:brk
2332:gethostid
2334:stdc_bit_ceil_ui
2335:inet6_option_append
2336:__mbstowcs_chk
2337:getutent
2338:putenv
2339:__isnanl
2340:__wcsnrtombs_chk
2341:__iswlower_l
2342:__woverflow
2343:res_mailok
2344:readdir64_r
2345:inet_network
2346:xdr_u_char
2347:stdc_bit_ceil_ul
2348:dlerror
2349:setlocale
2350:dlerror
2351:clnt_sperrno
2352:ssignal
2353:re_compile_pattern
2354:utimensat
2355:epoll_create1
2357:_tolower
2358:process_madvise
2359:__madvise
2360:sigrelse
2361:openat
2362:getgrgid_r
2363:semget
2364:xdrrec_eof
2365:stdc_bit_ceil_us
2366:__assert
2367:sethostid
2368:__gmtime_r
2369:shm_unlink
2370:shm_unlink
2371:asctime_r
2372:_nss_files_parse_rpcent
2373:cfsetispeed
2374:pthread_tryjoin_np
2375:sstk
2376:pthread_tryjoin_np
2377:fspick
2378:dprintf
2380:getpwent_r
2381:__wcrtomb_chk
2382:__pthread_register_cancel
2383:__isoc23_wcstoul
2384:__pthread_register_cancel
2385:__res_nsend
2386:qfcvt_r
2387:putpwent
2388:_nss_files_init
2389:popen
2390:__syslog_chk
2391:__nss_next
2392:fgets_unlocked
2393:putc_unlocked
2395:getwchar
2397:__pthread_mutexattr_destroy
2398:aio_init
2399:aio_init
2400:__resolv_context_get_preinit
2401:obstack_printf
2402:fattach
2403:uselib
2404:fsopen
2405:random
2406:__open64_2
2407:ns_name_unpack
2408:_IO_adjust_wcolumn
2409:ns_name_unpack
2410:__towupper_l
2411:re_set_registers
2412:umount
2413:__isoc23_wcstol_l
2414:_nss_files_getsgnam_r
2415:tolower_l
2416:iswxdigit
2417:msgrcv
2418:_IO_popen
2419:_nss_dns_gethostbyname3_r
2420:fgetxattr
2421:__ispunct_l
2422:ftell
2423:getgid
2424:siggetmask
2425:strerror
2426:hcreate_r
2427:dn_comp
2428:kill
2429:backtrace
2430:getnetbyname
2432:malloc_usable_size
2433:readdir
2434:ntp_adjtime
2435:xdr_authunix_parms
2436:getpriority
2437:__nss_next2
2438:argz_add_sep
2439:setrlimit64
2440:isprint
2441:_IO_ftell
2442:_IO_switch_to_main_wget_area
2444:lgetxattr
2445:__wctrans_l
2446:__nss_files_data_put
2447:getsockopt
2448:clock_getcpuclockid
2449:getutid
2450:clock_getcpuclockid
2451:mbsnrtowcs
2452:sgetsgent_r
2453:getservbyname
2454:dysize
2456:iswupper_l
2457:__libc_pvalloc
2458:fallocate
2459:setxattr
2460:shmget
2461:xdr_cryptkeyarg2
2462:__strtold_l
2463:thrd_sleep
2464:clnt_sperror
2466:query_module
2467:__libc_dynarray_emplace_enlarge
2468:sigqueue
2469:lsearch
2470:mkfifo
2471:setregid
2472:stdc_has_single_bit_uc
2473:_IO_file_write
2474:__pthread_unwind_next
2475:getdate_r
2476:clntraw_create
2477:__sigtimedwait
2478:__pthread_unwind_next
2479:__libc_malloc
2480:_IO_file_setbuf
2481:strfromf64
2482:isdigit
2483:stdc_has_single_bit_ui
2484:getenv
2485:__printf_fp
2486:_IO_least_wmarker
2487:__isoc23_fwscanf
2488:pthread_mutex_init
2489:__profile_frequency
2490:posix_fallocate
2491:calloc
2492:__isoc99_vscanf
2493:accept
2494:erand48_r
2496:fsync
2497:tcflow
2498:stdc_has_single_bit_ul
2499:mount_setattr
2500:strfromd
2502:asctime
2504:strfromf
2505:fclose
2506:isdigit_l
2507:endgrent
2508:_IO_fsetpos
2509:euidaccess
2510:posix_madvise
2511:_IO_ungetc
2512:__pthread_setspecific
2513:gettid
2514:ftruncate64
2515:_IO_wdefault_uflow
2516:mallinfo
2517:revoke
2519:stdc_has_single_bit_us
2520:xdr_opaque
2521:swprintf
2522:sigaltstack
2523:_IO_putc
2524:__sigsuspend
2525:pthread_barrierattr_destroy
2526:pthread_barrierattr_destroy
2527:fgetsgent_r
2528:strfroml
2529:sched_getscheduler
2530:remap_file_pages
2531:__asprintf_chk
2532:fts64_close
2533:__getwd_chk
2534:_IO_default_doallocate
2536:modff
2537:newlocale
2538:login
2539:__res_search
2540:getrpcport
2541:__fbufsize
2542:_IO_vfscanf
2543:login
2544:key_encryptsession
2546:mcount
2547:__libc_current_sigrtmax
2548:vasprintf
2549:xdr_opaque_auth
2550:pthread_attr_getstackaddr
2551:pthread_attr_getstackaddr
2552:pthread_setspecific
2553:cfsetspeed
2554:__strtoull_internal
2555:pthread_setspecific
2557:pthread_mutexattr_setpshared
2558:xdr_rmtcall_args
2559:setnetgrent
2560:pthread_mutexattr_setpshared
2561:posix_spawnattr_init
2562:_Exit
2563:modfl
2564:__nss_group_lookup2
2565:isnanf
2566:explicit_bzero
2567:sem_open
2568:sem_open
2569:getnetent
2570:sem_post
2571:sem_post
2572:_IO_wdefault_xsgetn
2573:xdr_u_hyper
2574:clock_settime
2575:clock_settime
2576:readlinkat
2577:__isoc23_strtoul
2578:wcstof64x
2579:pthread_barrier_destroy
2580:pthread_barrier_destroy
2581:_IO_peekc_locked
2582:regerror
2583:ioctl
2584:_IO_puts
2585:sysv_signal
2586:__fxstatat
2587:__res_nquerydomain
2588:strtof32_l
2589:__pthread_rwlock_destroy
2590:prlimit64
2591:pthread_attr_setdetachstate
2592:isnanl
2593:_IO_wdefault_doallocate
2594:setcontext
2595:close
2596:getgrouplist
2597:fputc
2598:__nanosleep
2599:fsetpos64
2600:preadv
2601:rename
2602:sendmmsg
2603:fts64_open
2604:__res_dnok
2605:vfprintf
2606:xdr_double
2607:__pread64_nocancel
2608:strtof64_l
2609:hdestroy
2610:fputs_unlocked
2611:printf
2612:__isoc23_vfscanf
2613:xdr_authdes_verf
2614:setnetent
2616:fanotify_init
2618:psignal
2620:towupper
2621:_nss_dns_gethostbyname_r
2623:__obstack_printf_chk
2624:endutent
2625:mq_notify
2626:mq_notify
2627:__pthread_mutex_init
2629:__open_nocancel
2630:__nss_hostname_digits_dots
2631:__strtok_r
2632:__iswpunct_l
2633:getipv4sourcefilter
2634:fallocate64
2635:authdes_getucred
2637:waitpid
2638:tcgetattr
2639:__vsscanf
2640:__select
2641:__freadable
2643:fputs
2644:move_mount
2645:__dprintf_chk
2647:__xpg_sigpause
2648:__finitef
2649:sched_setscheduler
2650:__write
2651:__wuflow
2652:__nss_files_fopen
2653:signal
2654:connect
2655:pthread_attr_setstackaddr
2656:__sched_getscheduler
2657:_IO_file_finish
2658:acct
2659:pthread_attr_setschedparam
2660:__isoc99_sscanf
2661:pthread_attr_setstackaddr
2662:pthread_condattr_setclock
2663:pthread_condattr_setclock
2664:inet_makeaddr
2665:atoll
2666:aio_cancel64
2667:__wcstold_internal
2668:iscntrl
2669:aio_cancel64
2670:clntudp_bufcreate
2671:_IO_init_wmarker
2672:sockatmark
2673:__finitel
2674:pkey_alloc
2675:_IO_fputs
2676:_nss_dns_gethostbyname4_r
2677:vsyslog
2678:pthread_attr_setsigmask_np
2679:posix_spawnattr_destroy
2680:pwrite64
2682:mrand48_r
2683:mrand48
2684:stty
2685:sched_getparam
2686:sigorset
2687:__uflow
2688:stdc_trailing_ones_ull
2690:pthread_mutex_unlock
2691:strfromf64x
2692:bcopy
2693:__libc_dynarray_at_failure
2696:vtimes
2697:ns_name_skip
2698:ns_name_skip
2699:inet_nsap_ntoa
2700:_nss_files_endspent
2701:_nss_files_gethostbyname2_r
2702:mcheck
2703:fts_open
2704:srand48_r
2705:__nss_hosts_lookup
2706:ftello
2707:obstack_free
2708:quick_exit
2709:__pthread_mutex_trylock
2710:posix_spawnattr_getsigdefault
2711:quick_exit
2712:__libc_pread
2713:aio_fsync64
2714:aio_fsync64
2715:mq_timedreceive
2716:pthread_mutex_timedlock
2717:pthread_mutex_timedlock
2718:mq_timedreceive
2719:__assert_perror_fail
2720:__vwprintf_chk
2721:mcheck_check_all
2722:pthread_barrierattr_init
2723:pthread_barrierattr_init
2724:inet6_option_space
2725:strlcpy
2727:opendir
2728:vhangup
2729:register_printf_modifier
2730:svc_unregister
2731:__tdelete
2732:key_encryptsession_pk
2733:isctype
2734:isgraph_l
2735:__fgets_chk
2736:gai_strerror
2737:pthread_cancel
2738:pthread_cancel
2739:key_decryptsession_pk
2740:eaccess
2741:__nptl_death_event
2742:__file_change_detection_for_path
2743:inet6_opt_finish
2744:pthread_spin_trylock
2745:pthread_spin_trylock
2746:preadv64v2
2747:strptime_l
2748:__isoc23_wcstoll_l
2749:ferror_unlocked
2750:imaxdiv
2751:wcsxfrm
2752:__snprintf_chk
2753:argz_add
2754:toupper
2755:__confstr_chk
2756:pthread_setname_np
2757:pthread_setname_np
2758:getuid
2759:__rpc_thread_svc_max_pollfd
2760:argz_insert
2761:pthread_getconcurrency
2762:pthread_getconcurrency
2763:__res_querydomain
2764:getegid
2766:re_set_syntax
2767:islower_l
2768:__isoc23_strtoull_l
2769:sigemptyset
2770:daemon
2771:getnetgrent
2772:__libc_clntudp_bufcreate
2773:__lseek
2774:iswspace_l
2775:__call_tls_dtors
2776:xdr_rmtcallres
2777:pthread_attr_getaffinity_np
2778:regexec
2779:pthread_attr_getaffinity_np
2780:pthread_attr_getaffinity_np
2781:__isprint_l
2782:regexec
2783:__wcpncpy_chk
2784:getchar_unlocked
2785:__libc_realloc
2786:__getpagesize
2787:_IO_sungetc
2788:access
2789:__isoc99_scanf
2790:seekdir
2792:fgetwc_unlocked
2793:__libc_mallinfo
2794:getpwuid_r
2795:quotactl
2798:wcscspn
2799:tcsetattr
2800:wcstoumax
2801:setreuid
2802:scandir64
2803:pthread_getattr_np
2804:netname2user
2805:wcstol_l
2806:pthread_getattr_np
2807:aio_error64
2808:argz_create_sep
2809:aio_error64
2810:strtoul
2811:_toupper
2812:pselect
2813:mtx_destroy
2814:mtx_destroy
2816:tgkill
2817:wcwidth
2818:__pthread_register_cancel_defer
2819:__pthread_register_cancel_defer
2820:endnetgrent
2821:nrand48
2822:setlogin
2823:ldiv
2824:fsetpos
2825:memcpy
2826:strtouq
2828:cfree
2829:_IO_sscanf
2830:rexec
2831:__pread_chk
2832:__strtod_internal
2833:__isoc23_wcstoull
2834:sgetsgent
2835:__strtol_l
2836:dlinfo
2837:dlinfo
2838:__libc_pwrite
2839:mallopt
2841:fileno
2842:getcwd
2843:clnt_perrno
2844:iswalnum_l
2845:passwd2des
2846:mbrtoc16
2847:vfscanf
2848:pthread_mutexattr_getrobust
2849:pthread_mutexattr_getrobust
2850:__readlink_chk
2851:fwrite
2852:ns_name_pton
2853:pthread_barrierattr_getpshared
2854:pthread_testcancel
2855:ns_name_pton
2856:xdr_short
2857:pthread_testcancel
2858:pthread_barrierattr_getpshared
2859:select
2860:__res_context_search
2861:__res_mkquery
2862:fseeko64
2863:mtx_lock
2864:mtx_lock
2865:strfmon
2866:posix_spawnp
2867:posix_spawnp
2869:pthread_rwlock_tryrdlock
2870:fgetspent
2871:pthread_rwlock_tryrdlock
2873:wcstold
2874:wcsncasecmp
2875:__vprintf_chk
2876:getutmp
2878:ruserok
2879:semctl
2880:modify_ldt
2881:__res_randomid
2883:xdr_des_block
2884:qsort
2886:grantpt
2887:unlinkat
2888:pthread_condattr_destroy
2889:uname
2890:seed48
2891:fseek
2892:__iswctype
2893:ungetwc
2896:_IO_switch_to_wbackup_area
2897:__isoc23_strtoll_l
2898:argz_count
2899:pthread_mutexattr_setrobust
2900:putsgent
2901:svcerr_noproc
2902:__sysconf
2903:pthread_mutexattr_setrobust
2904:xdr_accepted_reply
2905:fseeko
2906:wcstof32
2907:_IO_file_overflow
2908:wcstoll
2909:inet6_rth_getaddr
2910:strsep
2911:advance
2912:ulimit
2913:strtoimax
2914:_IO_init_marker
2915:getifaddrs
2916:fsmount
2917:svcerr_noprog
2918:__isoc23_strtol_l
2919:__libc_alloc_buffer_create_failure
2920:pthread_getcpuclockid
2921:stat64
2922:__fwriting
2923:pthread_getcpuclockid
2924:fexecve
2925:jrand48
2926:__errno_location
2927:xdr_sizeof
2928:setspent
2929:dcngettext
2930:pidfd_spawn
2931:frexp
2932:isxdigit
2933:__iswalnum_l
2934:ecvt
2935:posix_spawnattr_getpgroup
2936:_IO_setvbuf
2937:__pthread_get_minstack
2938:__isoc23_wcstoull_l
2939:iswgraph
2940:getitimer
2941:_nss_files_gethostbyname3_r
2942:_IO_seekpos
2944:getgrnam_r
2945:madvise
2946:_IO_ftrylockfile
2947:callrpc
2948:write
2949:sync_file_range
2950:dlvsym
2951:__x86_get_cpuid_feature_leaf
2952:getttyent
2953:dlvsym
2954:__dcgettext
2955:_IO_adjust_column
2956:__isoc23_vsscanf
2957:vsprintf
2958:pthread_mutexattr_setprotocol
2959:syscall
2960:pthread_mutexattr_setprotocol
2961:pwritev2
2963:wcscasecmp_l
2964:fgetpwent_r
2965:strtof32x
2966:__register_atfork
2968:syncfs
2969:setdomainname
2970:__wcsxfrm_l
2971:inet_pton
2972:getlogin
2973:random_r
2974:clnt_perror
2975:__uselocale
2976:ns_name_compress
2977:ns_name_compress
2978:posix_memalign
2979:timelocal
2980:shmctl
2981:_IO_file_init
2982:argz_delete
2983:_obstack_begin
2984:pthread_mutexattr_setkind_np
2985:setitimer
2986:clntudp_create
2987:sighold
2988:mq_send
2989:mq_send
2990:__argz_stringify
2991:setttyent
2992:_IO_fdopen
2993:__iswprint_l
2994:stdc_first_leading_zero_uc
2996:sigstack
2997:xdr_longlong_t
2998:abort
2999:__freelocale
3000:stdc_count_ones_ull
3001:getrandom
3002:_IO_fsetpos64
3003:fmemopen
3004:fmemopen
3005:pthread_attr_setstack
3006:pthread_attr_setstack
3007:res_nmkquery
3008:msgget
3009:stdc_first_leading_zero_ui
3010:toascii
3011:ctime_r
3012:ldexpf
3014:posix_spawnattr_getsigmask
3015:stdc_first_leading_zero_ul
3016:scalbn
3017:res_nsend
3018:sched_getaffinity
3019:sendfile
3020:sched_getaffinity
3021:__strtoul_l
3023:__nss_readline
3024:getopt_long
3026:mmap
3027:prlimit
3028:__getrlimit
3029:ldexpl
3030:strerror_l
3031:__fxstatat64
3032:endpwent
3033:__wprintf_chk
3034:pthread_rwlock_clockwrlock
3035:pthread_rwlock_clockwrlock
3036:__ns_name_compress
3037:freeifaddrs
3038:fwprintf
3039:__dn_comp
3040:xdr_pointer
3041:stdc_first_leading_zero_us
3042:__res_state
3043:alphasort
3044:envz_entry
3045:rexec_af
3046:getpgrp
3047:muntrace
3048:setservent
3050:strerror_r
3051:__isnanf128
3052:ispunct_l
3053:getspent
3054:_nss_files_endgrent
3055:mbrtoc32
3056:__isnanf128
3057:pthread_attr_setaffinity_np
3058:svc_register
3059:pthread_attr_setaffinity_np
3060:_nss_files_getprotobyname_r
3061:pthread_attr_setaffinity_np
3062:pthread_cond_wait
3063:arc4random
3064:pthread_cond_wait
3065:__mempcpy_small
3066:pidfd_getfd
3067:execveat
3068:pause
3069:__gets_chk
3070:__overflow
3071:_IO_default_pbackfail
3072:mq_getattr
3073:pipe
3074:mq_getattr
3075:pthread_spin_init
3076:pthread_spin_init
3077:key_decryptsession
3078:__asprintf
3080:wctrans_l
3081:lseek
3082:sched_getcpu
3083:__libc_msgrcv
3084:readahead
3085:__newlocale
3086:pthread_condattr_init
3087:fputwc_unlocked
3088:getspnam_r
3089:settimeofday
3090:dngettext
3091:strptime
3092:_IO_flush_all
3093:err
3094:vwarn
3095:_IO_getc
3096:fts_set
3097:strtok_r
3098:tcgetpgrp
3099:strtold_l
3100:__wcstoll_l
3101:endhostent
3102:splice
3103:__isblank_l
3104:__ivaliduser
3105:fstat
3106:wctype_l
3107:lchown
3108:_authenticate
3109:key_get_conv
3110:bsd_signal
3112:_obstack_begin_1
3113:pthread_mutex_consistent_np
3114:__wcscoll_l
3115:geteuid
3116:__strncat_chk
3117:warnx
3118:nrand48_r
3119:pmap_getmaps
3120:errx
3121:svcudp_enablecache
3122:_IO_wfile_seekoff
3123:sem_timedwait
3124:gnu_dev_major
3125:__sigaddset
3126:sem_timedwait
3127:pthread_clockjoin_np
3128:pthread_clockjoin_np
3129:wctrans
3130:_Fork
3133:flistxattr
3134:stdc_first_leading_one_uc
3135:rewinddir
3136:authdes_create
3137:_IO_gets
3138:xdr_netnamestr
3139:dup
3140:alarm
3141:pipe2
3142:fmtmsg
3143:_nss_files_getnetbyname_r
3144:__iswctype_l
3145:_nss_files_getgrgid_r
3146:__gconv_transliterate
3147:__sched_get_priority_max
3148:getlogin_r
3149:_IO_fgetpos
3150:memfrob
3151:sigwait
3152:__pread64
3153:__twalk
3154:longjmp
3155:stdc_first_leading_one_ui
